#-----------------------------------------------------------
# Webtalk v2019.1 (64-bit)
# SW Build 2552052 on Fri May 24 14:49:42 MDT 2019
# IP Build 2548770 on Fri May 24 18:01:18 MDT 2019
# Start of session at: Wed Sep 28 00:26:05 2022
# Process ID: 11176
# Current directory: H:/Masters/Semester1/CMPE200/Assignment1/CMPE200_Assign1_FactorialAccelerator/CMPE200_Assign1_FactorialAccelerator.sim/sim_1/behav/xsim
# Command line: wbtcv.exe -mode batch -source H:/Masters/Semester1/CMPE200/Assignment1/CMPE200_Assign1_FactorialAccelerator/CMPE200_Assign1_FactorialAccelerator.sim/sim_1/behav/xsim/xsim.dir/FATopModule_tb_behav/webtalk/xsim_webtalk.tcl -notrace
# Log file: H:/Masters/Semester1/CMPE200/Assignment1/CMPE200_Assign1_FactorialAccelerator/CMPE200_Assign1_FactorialAccelerator.sim/sim_1/behav/xsim/webtalk.log
# Journal file: H:/Masters/Semester1/CMPE200/Assignment1/CMPE200_Assign1_FactorialAccelerator/CMPE200_Assign1_FactorialAccelerator.sim/sim_1/behav/xsim\webtalk.jou
#-----------------------------------------------------------
source H:/Masters/Semester1/CMPE200/Assignment1/CMPE200_Assign1_FactorialAccelerator/CMPE200_Assign1_FactorialAccelerator.sim/sim_1/behav/xsim/xsim.dir/FATopModule_tb_behav/webtalk/xsim_webtalk.tcl -notrace
